21:26:27 **** Incremental Build of configuration Debug for project LowLevelSTM ****
make -j8 all 
arm-none-eabi-g++ "../Core/Src/Stepper.cpp" -mcpu=cortex-m3 -std=gnu++14 -g3 -DDEBUG -DUSE_HAL_DRIVER -DSTM32F103xB -c -I../Core/Inc -I../Drivers/STM32F1xx_HAL_Driver/Inc/Legacy -I../Drivers/STM32F1xx_HAL_Driver/Inc -I../Drivers/CMSIS/Device/ST/STM32F1xx/Include -I../Drivers/CMSIS/Include -O0 -ffunction-sections -fdata-sections -fno-exceptions -fno-rtti -fno-use-cxa-atexit -Wall -fstack-usage -fcyclomatic-complexity -MMD -MP -MF"Core/Src/Stepper.d" -MT"Core/Src/Stepper.o" --specs=nano.specs -mfloat-abi=soft -mthumb -o "Core/Src/Stepper.o"
arm-none-eabi-g++ -o "LowLevelSTM.elf" @"objects.list"   -mcpu=cortex-m3 -T"C:\Users\Andrea\Desktop\PERSONALE\MIO\LawnMower\STM_Workspace\LowLevelSTM\STM32F103C8TX_FLASH.ld" --specs=nosys.specs -Wl,-Map="LowLevelSTM.map" -Wl,--gc-sections -static --specs=nano.specs -mfloat-abi=soft -mthumb -Wl,--start-group -lc -lm -lstdc++ -lsupc++ -Wl,--end-group
Finished building target: LowLevelSTM.elf
 
arm-none-eabi-size  LowLevelSTM.elf 
arm-none-eabi-objdump -h -S LowLevelSTM.elf  > "LowLevelSTM.list"
   text	   data	    bss	    dec	    hex	filename
  13104	     12	   1972	  15088	   3af0	LowLevelSTM.elf
Finished building: default.size.stdout
 
Finished building: LowLevelSTM.list
 

21:26:28 Build Finished. 0 errors, 0 warnings. (took 1s.152ms)

